============================================================
TESTING POSTGRESQL CONNECTION
============================================================

✅ Connection successful!

PostgreSQL version:
  PostgreSQL 17.6 on aarch64-unknown-linux-gnu, compiled by gcc (GCC) 13.2.0, 64-bit...

✅ Table creation: OK
✅ Insert test: OK (rows: 1)
✅ Cleanup: OK

============================================================
✅ ALL TESTS PASSED - DATABASE READY!
============================================================
